// Jest Snapshot v1, https://goo.gl/fbAQLP

exports[`Pokemon component displayed pokemon correctly with query data 1`] = `
<v-card-stub loaderheight="4" tag="div" outlined="true" class="pokemon-card">
  <v-img-stub height="300" contain="true" options="[object Object]" position="center center" src="https://img.pokemondb.net/artwork/bulbasaur.jpg" transition="fade-transition" class="text-right pa-2"></v-img-stub>
  <v-card-actions-stub class="grey lighten-3">
    <div>
      <div class="font-weight-normal"><strong>Bulbasaur</strong></div>
      <div>Grass, Poison</div>
    </div>
    <v-spacer-stub></v-spacer-stub>
    <v-btn-stub tag="button" activeclass="" icon="true" type="button" class="test-favorite">
      <v-icon-stub color="red" size="30">mdi-heart-outline
      </v-icon-stub>
    </v-btn-stub>
  </v-card-actions-stub>
</v-card-stub>
`;
